
Running 3 tests using 3 workers

[1A[2K[1/3] [chromium] ΓÇ║ e2e\graph.spec.ts:4:3 ΓÇ║ Task Graph Planner E2E ΓÇ║ Canvas loads and Dagre tree logic executes resolving mock nodes
[1A[2K[2/3] [chromium] ΓÇ║ e2e\graph.spec.ts:46:3 ΓÇ║ Task Graph Planner E2E ΓÇ║ List View topological toggling
[1A[2K[3/3] [chromium] ΓÇ║ e2e\graph.spec.ts:19:3 ΓÇ║ Task Graph Planner E2E ΓÇ║ Node Panel interaction logic
[1A[2K  1) [chromium] ΓÇ║ e2e\graph.spec.ts:19:3 ΓÇ║ Task Graph Planner E2E ΓÇ║ Node Panel interaction logic ΓöÇΓöÇΓöÇ

    Error: [2mexpect([22m[31mlocator[39m[2m).[22mtoBeVisible[2m([22m[2m)[22m failed

    Locator: getByText('Phase 1 - Data & Canvas')
    Expected: visible
    Error: strict mode violation: getByText('Phase 1 - Data & Canvas') resolved to 2 elements:
        1) <div class="text-sm font-semibold truncate w-36 text-slate-900">Phase 1 - Data & Canvas</div> aka getByTestId('rf__node-e20ca9c8-2f54-49dd-a191-5cfd38fa9d05')
        2) <div class="text-sm font-semibold truncate w-36 text-slate-900">Phase 1 - Data & Canvas</div> aka getByTestId('rf__node-e9b71ea1-72cc-41a1-82d7-6dc7bf3bd348')

    Call log:
    [2m  - Expect "toBeVisible" with timeout 5000ms[22m
    [2m  - waiting for getByText('Phase 1 - Data & Canvas')[22m


      22 |     // Explicitly target the Epic node via inner title mapping
      23 |     const epicNodeText = page.getByText('Phase 1 - Data & Canvas');
    > 24 |     await expect(epicNodeText).toBeVisible();
         |                                ^
      25 |     
      26 |     // Double click the exact bounding container representing the React Flow node wrapper dynamically mapped
      27 |     await epicNodeText.locator('xpath=ancestor::div[contains(@class, "react-flow__node")]').click();
        at C:\Users\adam\OneDrive\Documents\projects\task graph builder\e2e\graph.spec.ts:24:32

    Error Context: test-results\graph-Task-Graph-Planner-E2E-Node-Panel-interaction-logic-chromium\error-context.md


[1A[2K  2) [chromium] ΓÇ║ e2e\graph.spec.ts:4:3 ΓÇ║ Task Graph Planner E2E ΓÇ║ Canvas loads and Dagre tree logic executes resolving mock nodes 

    Error: [2mexpect([22m[31mlocator[39m[2m).[22mtoBeVisible[2m([22m[2m)[22m failed

    Locator: getByText('Task Graph Planner')
    Expected: visible
    Error: strict mode violation: getByText('Task Graph Planner') resolved to 3 elements:
        1) <h1 class="font-bold text-lg text-slate-800 tracking-tight flex items-center gap-2">ΓÇª</h1> aka getByRole('heading', { name: 'Task Graph Planner' })
        2) <div class="text-sm font-semibold truncate w-36 text-slate-900">Task Graph Planner Delivery</div> aka getByTestId('rf__node-519d8958-3b1b-4c06-8833-c2dcabf6cfb7')
        3) <div class="text-sm font-semibold truncate w-36 text-slate-900">Task Graph Planner Delivery</div> aka getByTestId('rf__node-ce177d60-d60a-43bc-a4aa-9a7af8b7f602')

    Call log:
    [2m  - Expect "toBeVisible" with timeout 5000ms[22m
    [2m  - waiting for getByText('Task Graph Planner')[22m


       6 |     
       7 |     // Ensure Header Loaded
    >  8 |     await expect(page.getByText('Task Graph Planner')).toBeVisible();
         |                                                        ^
       9 |
      10 |     // Verify React Flow elements exist (ensuring canvas maps mock elements)
      11 |     const reactFlowWrap = page.locator('.react-flow');
        at C:\Users\adam\OneDrive\Documents\projects\task graph builder\e2e\graph.spec.ts:8:56

    Error Context: test-results\graph-Task-Graph-Planner-E-77cb5-ecutes-resolving-mock-nodes-chromium\error-context.md


[1A[2K  3) [chromium] ΓÇ║ e2e\graph.spec.ts:46:3 ΓÇ║ Task Graph Planner E2E ΓÇ║ List View topological toggling ΓöÇ

    Error: [2mexpect([22m[31mlocator[39m[2m).[22mtoBeVisible[2m([22m[2m)[22m failed

    Locator: getByText('Ready to Agent')
    Expected: visible
    Error: strict mode violation: getByText('Ready to Agent') resolved to 2 elements:
        1) <span class="text-[10px] uppercase font-bold tracking-wider px-2 py-1 rounded bg-green-100 text-green-700">Ready to Agent</span> aka getByText('Ready to Agent').first()
        2) <span class="text-[10px] uppercase font-bold tracking-wider px-2 py-1 rounded bg-green-100 text-green-700">Ready to Agent</span> aka getByText('Ready to Agent').nth(1)

    Call log:
    [2m  - Expect "toBeVisible" with timeout 5000ms[22m
    [2m  - waiting for getByText('Ready to Agent')[22m


      52 |     await expect(page.getByText('Leaf Task Execution List')).toBeVisible();
      53 |     // Validate Khan's alg output
    > 54 |     await expect(page.getByText('Ready to Agent')).toBeVisible();
         |                                                    ^
      55 |   });
      56 | });
      57 |
        at C:\Users\adam\OneDrive\Documents\projects\task graph builder\e2e\graph.spec.ts:54:52

    Error Context: test-results\graph-Task-Graph-Planner-E2E-List-View-topological-toggling-chromium\error-context.md


[1A[2K  3 failed
    [chromium] ΓÇ║ e2e\graph.spec.ts:4:3 ΓÇ║ Task Graph Planner E2E ΓÇ║ Canvas loads and Dagre tree logic executes resolving mock nodes 
    [chromium] ΓÇ║ e2e\graph.spec.ts:19:3 ΓÇ║ Task Graph Planner E2E ΓÇ║ Node Panel interaction logic ΓöÇΓöÇΓöÇΓöÇ
    [chromium] ΓÇ║ e2e\graph.spec.ts:46:3 ΓÇ║ Task Graph Planner E2E ΓÇ║ List View topological toggling ΓöÇΓöÇ

[36m  Serving HTML report at http://localhost:60843. Press Ctrl+C to quit.[39m
